[20:05:29] [ServerMain/INFO]: [bootstrap] Running Java 25 (OpenJDK 64-Bit Server VM 25.0.4.1+1-1-24.04.4-Ubuntu; Ubuntu null) on Linux 6.8.0-1064-azure (amd64)
[20:05:29] [ServerMain/INFO]: [bootstrap] Loading Paper 26.2-121-main@a2a42c5 (2026-08-29T11:32:25Z) for Minecraft 26.2
[20:05:29] [ServerMain/INFO]: [PluginInitializerManager] Initializing plugins...
[20:05:31] [ServerMain/INFO]: [PluginInitializerManager] Initialized 29 plugins
[20:05:31] [ServerMain/INFO]: [PluginInitializerManager] Paper plugins (3):
 - EconomyShopGUI (7.3.1), MiniMOTD (2.2.5), zMenu (1.1.1.9)
[20:05:31] [ServerMain/INFO]: [PluginInitializerManager] Bukkit plugins (26):
 - AdvancedTeleport (6.2.0), Chunky (1.5.3), ConditionalEvents (4.80.1), EasyCommandBlocker (1.19.1), EmberCoins (1.1.0), Essentials (2.22.1-dev+25-cfb6f12), FastAsyncWorldEdit (2.15.4+d8666b3), Geyser-Spigot (2.11.3-SNAPSHOT), GravesX (2026.4.9.2), ItemEdit (3.7.10), ItemTag (3.7.7), LiveKit (1.4.9), LuckPerms (5.5.85), Multiverse-Core (5.8.1), Multiverse-Inventories (5.3.6), PlaceholderAPI (2.12.3), PlayerKits2 (1.24.1), ProtocolLib (5.4.0), SkinsRestorer (15.12.6), TAB (6.2.0), TerraformGenerator (28.0.1), Vault (1.7.3-b131), ViaBackwards (5.12.0), ViaVersion (5.12.0), WorldGuard (7.0.19+2400-f395a16), floodgate (2.2.5-SNAPSHOT (b141-81b65cc))
[20:05:35] [DataConverter MCTypeRegistry init thread/INFO]: [ca.spottedleaf.dataconverter.minecraft.datatypes.MCTypeRegistry] Initialising converters for DataConverter...
[20:05:35] [ServerMain/INFO]: Environment: Environment[sessionHost=https://sessionserver.mojang.com, servicesHost=https://api.minecraftservices.com, profilesHost=https://api.mojang.com, name=PROD]
[20:05:36] [DataConverter MCTypeRegistry init thread/INFO]: [ca.spottedleaf.dataconverter.minecraft.datatypes.MCTypeRegistry] Finished initialising converters for DataConverter in 804.9ms
[20:05:39] [ServerMain/INFO]: Loaded 1585 recipes
[20:05:39] [ServerMain/INFO]: Loaded 1688 advancements
[20:05:40] [Server thread/INFO]: Starting minecraft server version 26.2
[20:05:40] [Server thread/INFO]: Loading properties
[20:05:40] [Server thread/INFO]: This server is running Paper version 26.2-121-main@a2a42c5 (2026-08-29T11:32:25Z) (Implementing API version 26.2.build.121-stable)
[20:05:40] [Server thread/INFO]: [spark] This server bundles the spark profiler. For more information please visit https://docs.papermc.io/paper/profiling
[20:05:40] [Server thread/INFO]: Server Ping Player Sample Count: 12
[20:05:40] [Server thread/INFO]: Using 4 threads for Netty based IO
[20:05:40] [Server thread/INFO]: [MoonriseCommon] Paper is using 1 worker threads, 1 I/O threads
[20:05:40] [Server thread/INFO]: Default game type: SURVIVAL
[20:05:40] [Server thread/INFO]: Generating keypair
[20:05:40] [Server thread/INFO]: Starting Minecraft server on *:25565
[20:05:41] [Server thread/INFO]: Paper: Using libdeflate (Linux x86_64) compression from Velocity.
[20:05:41] [Server thread/INFO]: Paper: Using OpenSSL 3.x.x (Linux x86_64) cipher from Velocity.
[20:05:41] [Server thread/INFO]: [SpigotLibraryLoader] [ItemEdit] Loading 5 libraries... please wait
[20:05:41] [Server thread/INFO]: [SpigotLibraryLoader] [ItemEdit] Loaded library /workspaces/server/servidor_minecraft/libraries/net/kyori/adventure-api/5.1.1/adventure-api-5.1.1.jar
[20:05:41] [Server thread/INFO]: [SpigotLibraryLoader] [ItemEdit] Loaded library /workspaces/server/servidor_minecraft/libraries/net/kyori/adventure-key/5.1.1/adventure-key-5.1.1.jar
[20:05:41] [Server thread/INFO]: [SpigotLibraryLoader] [ItemEdit] Loaded library /workspaces/server/servidor_minecraft/libraries/org/jspecify/jspecify/1.0.0/jspecify-1.0.0.jar
[20:05:41] [Server thread/INFO]: [SpigotLibraryLoader] [ItemEdit] Loaded library /workspaces/server/servidor_minecraft/libraries/org/jetbrains/annotations/26.1.0/annotations-26.1.0.jar
[20:05:41] [Server thread/INFO]: [SpigotLibraryLoader] [ItemEdit] Loaded library /workspaces/server/servidor_minecraft/libraries/net/kyori/adventure-platform-bukkit/4.4.1/adventure-platform-bukkit-4.4.1.jar
[20:05:41] [Server thread/INFO]: [SpigotLibraryLoader] [ItemEdit] Loaded library /workspaces/server/servidor_minecraft/libraries/net/kyori/adventure-platform-api/4.4.1/adventure-platform-api-4.4.1.jar
[20:05:41] [Server thread/INFO]: [SpigotLibraryLoader] [ItemEdit] Loaded library /workspaces/server/servidor_minecraft/libraries/net/kyori/adventure-text-serializer-bungeecord/4.4.1/adventure-text-serializer-bungeecord-4.4.1.jar
[20:05:41] [Server thread/INFO]: [SpigotLibraryLoader] [ItemEdit] Loaded library /workspaces/server/servidor_minecraft/libraries/net/kyori/adventure-nbt/4.21.0/adventure-nbt-4.21.0.jar
[20:05:41] [Server thread/INFO]: [SpigotLibraryLoader] [ItemEdit] Loaded library /workspaces/server/servidor_minecraft/libraries/net/kyori/examination-api/1.3.0/examination-api-1.3.0.jar
[20:05:41] [Server thread/INFO]: [SpigotLibraryLoader] [ItemEdit] Loaded library /workspaces/server/servidor_minecraft/libraries/net/kyori/examination-string/1.3.0/examination-string-1.3.0.jar
[20:05:41] [Server thread/INFO]: [SpigotLibraryLoader] [ItemEdit] Loaded library /workspaces/server/servidor_minecraft/libraries/net/kyori/adventure-text-serializer-gson-legacy-impl/4.21.0/adventure-text-serializer-gson-legacy-impl-4.21.0.jar
[20:05:41] [Server thread/INFO]: [SpigotLibraryLoader] [ItemEdit] Loaded library /workspaces/server/servidor_minecraft/libraries/net/kyori/adventure-text-serializer-json-legacy-impl/4.21.0/adventure-text-serializer-json-legacy-impl-4.21.0.jar
[20:05:41] [Server thread/INFO]: [SpigotLibraryLoader] [ItemEdit] Loaded library /workspaces/server/servidor_minecraft/libraries/net/kyori/adventure-platform-facet/4.4.1/adventure-platform-facet-4.4.1.jar
[20:05:41] [Server thread/INFO]: [SpigotLibraryLoader] [ItemEdit] Loaded library /workspaces/server/servidor_minecraft/libraries/net/kyori/adventure-platform-viaversion/4.4.1/adventure-platform-viaversion-4.4.1.jar
[20:05:41] [Server thread/INFO]: [SpigotLibraryLoader] [ItemEdit] Loaded library /workspaces/server/servidor_minecraft/libraries/net/kyori/adventure-text-minimessage/5.1.1/adventure-text-minimessage-5.1.1.jar
[20:05:41] [Server thread/INFO]: [SpigotLibraryLoader] [ItemEdit] Loaded library /workspaces/server/servidor_minecraft/libraries/net/kyori/adventure-text-serializer-gson/5.1.1/adventure-text-serializer-gson-5.1.1.jar
[20:05:41] [Server thread/INFO]: [SpigotLibraryLoader] [ItemEdit] Loaded library /workspaces/server/servidor_minecraft/libraries/net/kyori/adventure-text-serializer-json/5.1.1/adventure-text-serializer-json-5.1.1.jar
[20:05:41] [Server thread/INFO]: [SpigotLibraryLoader] [ItemEdit] Loaded library /workspaces/server/servidor_minecraft/libraries/net/kyori/option/1.1.0/option-1.1.0.jar
[20:05:41] [Server thread/INFO]: [SpigotLibraryLoader] [ItemEdit] Loaded library /workspaces/server/servidor_minecraft/libraries/com/google/code/gson/gson/2.13.2/gson-2.13.2.jar
[20:05:41] [Server thread/INFO]: [SpigotLibraryLoader] [ItemEdit] Loaded library /workspaces/server/servidor_minecraft/libraries/com/google/errorprone/error_prone_annotations/2.41.0/error_prone_annotations-2.41.0.jar
[20:05:41] [Server thread/INFO]: [SpigotLibraryLoader] [ItemEdit] Loaded library /workspaces/server/servidor_minecraft/libraries/com/google/auto/service/auto-service-annotations/1.1.1/auto-service-annotations-1.1.1.jar
[20:05:41] [Server thread/INFO]: [SpigotLibraryLoader] [ItemEdit] Loaded library /workspaces/server/servidor_minecraft/libraries/net/kyori/adventure-text-serializer-commons/5.1.1/adventure-text-serializer-commons-5.1.1.jar
[20:05:41] [Server thread/INFO]: [SpigotLibraryLoader] [ItemEdit] Loaded library /workspaces/server/servidor_minecraft/libraries/net/kyori/adventure-text-serializer-legacy/5.1.1/adventure-text-serializer-legacy-5.1.1.jar
[20:05:42] [Server thread/INFO]: [ViaVersion] Loading server plugin ViaVersion v5.12.0
[20:05:42] [Server thread/INFO]: [ViaVersion] ViaVersion 5.12.0 is now loaded. Registering protocol transformers and injecting...
[20:05:42] [Server thread/INFO]: [ViaBackwards] Loading translations...
[20:05:42] [Server thread/INFO]: [ViaBackwards] Registering protocols...
[20:05:43] [Server thread/INFO]: [LuckPerms] Loading server plugin LuckPerms v5.5.85
[20:05:43] [Server thread/INFO]: [LuckPerms] Loading configuration...
[20:05:43] [Server thread/INFO]: [Vault] Loading server plugin Vault v1.7.3-b131
[20:05:43] [Server thread/INFO]: [FastAsyncWorldEdit] Loading server plugin FastAsyncWorldEdit v2.15.4+d8666b3
[20:05:44] [Server thread/INFO]: Got request to register class com.sk89q.worldedit.bukkit.BukkitServerInterface with WorldEdit [com.sk89q.worldedit.extension.platform.PlatformManager@7125ab2c]
[20:05:44] [Server thread/INFO]: [WorldGuard] Loading server plugin WorldGuard v7.0.19+2400-f395a16
[20:05:44] [Server thread/INFO]: [floodgate] Loading server plugin floodgate v2.2.5-SNAPSHOT (b141-81b65cc)
[20:05:45] [Server thread/WARN]: [floodgate] en_ is not a supported Floodgate language.
[20:05:45] [Server thread/INFO]: [floodgate] Took 589ms to boot Floodgate
[20:05:45] [Server thread/INFO]: [PlaceholderAPI] Loading server plugin PlaceholderAPI v2.12.3
[20:05:45] [Server thread/INFO]: [AdvancedTeleport] Loading server plugin AdvancedTeleport v6.2.0
[20:05:45] [Server thread/INFO]: [AdvancedTeleport] Verifying checksum for gson
[20:05:45] [Server thread/INFO]: [AdvancedTeleport] Checksum matched for gson
[20:05:45] [Server thread/INFO]: [AdvancedTeleport] Verifying checksum for jar-relocator
[20:05:45] [Server thread/INFO]: [AdvancedTeleport] Checksum matched for jar-relocator
[20:05:45] [Server thread/INFO]: [AdvancedTeleport] Verifying checksum for asm
[20:05:45] [Server thread/INFO]: [AdvancedTeleport] Checksum matched for asm
[20:05:45] [Server thread/INFO]: [AdvancedTeleport] Verifying checksum for asm-commons
[20:05:45] [Server thread/INFO]: [AdvancedTeleport] Checksum matched for asm-commons
[20:05:45] [Server thread/INFO]: [AdvancedTeleport] Verifying checksum for gson
[20:05:45] [Server thread/INFO]: [AdvancedTeleport] Checksum matched for gson
[20:05:45] [Server thread/INFO]: [AdvancedTeleport] Verifying checksum for adventure-api
[20:05:45] [Server thread/INFO]: [AdvancedTeleport] Checksum matched for adventure-api
[20:05:45] [Server thread/INFO]: [AdvancedTeleport] Verifying checksum for adventure-key
[20:05:45] [Server thread/INFO]: [AdvancedTeleport] Checksum matched for adventure-key
[20:05:45] [Server thread/INFO]: [AdvancedTeleport] Verifying checksum for examination-api
[20:05:45] [Server thread/INFO]: [AdvancedTeleport] Checksum matched for examination-api
[20:05:45] [Server thread/INFO]: [AdvancedTeleport] Verifying checksum for examination-string
[20:05:45] [Server thread/INFO]: [AdvancedTeleport] Checksum matched for examination-string
[20:05:45] [Server thread/INFO]: [AdvancedTeleport] Verifying checksum for adventure-text-minimessage
[20:05:45] [Server thread/INFO]: [AdvancedTeleport] Checksum matched for adventure-text-minimessage
[20:05:45] [Server thread/INFO]: [AdvancedTeleport] Verifying checksum for adventure-nbt
[20:05:45] [Server thread/INFO]: [AdvancedTeleport] Checksum matched for adventure-nbt
[20:05:45] [Server thread/INFO]: [AdvancedTeleport] Verifying checksum for adventure-text-serializer-plain
[20:05:45] [Server thread/INFO]: [AdvancedTeleport] Checksum matched for adventure-text-serializer-plain
[20:05:45] [Server thread/INFO]: [AdvancedTeleport] Verifying checksum for adventure-platform-bukkit
[20:05:45] [Server thread/INFO]: [AdvancedTeleport] Checksum matched for adventure-platform-bukkit
[20:05:45] [Server thread/INFO]: [AdvancedTeleport] Verifying checksum for adventure-text-serializer-gson-legacy-impl
[20:05:45] [Server thread/INFO]: [AdvancedTeleport] Checksum matched for adventure-text-serializer-gson-legacy-impl
[20:05:45] [Server thread/INFO]: [AdvancedTeleport] Verifying checksum for adventure-text-serializer-gson
[20:05:45] [Server thread/INFO]: [AdvancedTeleport] Checksum matched for adventure-text-serializer-gson
[20:05:45] [Server thread/INFO]: [AdvancedTeleport] Verifying checksum for adventure-text-serializer-json
[20:05:45] [Server thread/INFO]: [AdvancedTeleport] Checksum matched for adventure-text-serializer-json
[20:05:45] [Server thread/INFO]: [AdvancedTeleport] Verifying checksum for option
[20:05:45] [Server thread/INFO]: [AdvancedTeleport] Checksum matched for option
[20:05:45] [Server thread/INFO]: [AdvancedTeleport] Verifying checksum for adventure-platform-facet
[20:05:45] [Server thread/INFO]: [AdvancedTeleport] Checksum matched for adventure-platform-facet
[20:05:45] [Server thread/INFO]: [AdvancedTeleport] Verifying checksum for adventure-platform-api
[20:05:45] [Server thread/INFO]: [AdvancedTeleport] Checksum matched for adventure-platform-api
[20:05:45] [Server thread/INFO]: [AdvancedTeleport] Verifying checksum for adventure-platform-viaversion
[20:05:45] [Server thread/INFO]: [AdvancedTeleport] Checksum matched for adventure-platform-viaversion
[20:05:45] [Server thread/INFO]: [AdvancedTeleport] Verifying checksum for adventure-text-serializer-bungeecord
[20:05:45] [Server thread/INFO]: [AdvancedTeleport] Checksum matched for adventure-text-serializer-bungeecord
[20:05:45] [Server thread/INFO]: [AdvancedTeleport] Verifying checksum for adventure-text-serializer-legacy
[20:05:45] [Server thread/INFO]: [AdvancedTeleport] Checksum matched for adventure-text-serializer-legacy
[20:05:45] [Server thread/INFO]: [AdvancedTeleport] Verifying checksum for bstats-bukkit
[20:05:45] [Server thread/INFO]: [AdvancedTeleport] Checksum matched for bstats-bukkit
[20:05:45] [Server thread/INFO]: [AdvancedTeleport] Verifying checksum for bstats-base
[20:05:45] [Server thread/INFO]: [AdvancedTeleport] Checksum matched for bstats-base
[20:05:45] [Server thread/INFO]: [AdvancedTeleport] Verifying checksum for paperlib
[20:05:45] [Server thread/INFO]: [AdvancedTeleport] Checksum matched for paperlib
[20:05:45] [Server thread/INFO]: [AdvancedTeleport] Verifying checksum for ConfigurationMaster-API
[20:05:45] [Server thread/INFO]: [AdvancedTeleport] Checksum matched for ConfigurationMaster-API
[20:05:45] [Server thread/INFO]: [EmberCoins] Loading server plugin EmberCoins v1.1.0
[20:05:45] [Server thread/INFO]: [Geyser-Spigot] Loading server plugin Geyser-Spigot v2.11.3-SNAPSHOT
[20:05:45] [Server thread/INFO]: [Geyser-Spigot] Loading extensions...
[20:05:45] [Server thread/INFO]: [Geyser-Spigot] Loaded 0 extension(s)
[20:05:45] [Server thread/INFO]: [ProtocolLib] Loading server plugin ProtocolLib v5.4.0
[20:05:45] [Server thread/WARN]: [ProtocolLib] Version (MC: 26.2.0) has not yet been tested! Proceed with caution.
[20:05:45] [Server thread/INFO]: [Essentials] Loading server plugin Essentials v2.22.1-dev+25-cfb6f12
[20:05:45] [Server thread/INFO]: [ItemEdit] Loading server plugin ItemEdit v3.7.10
[20:05:45] [Server thread/INFO]: [CoreLogging] Loading server plugin Multiverse-Core v5.8.1
[20:05:45] [Server thread/INFO]: [ViaBackwards] Loading server plugin ViaBackwards v5.12.0
[20:05:45] [Server thread/INFO]: [GravesX] Loading server plugin GravesX v2026.4.9.2
[20:05:45] [Server thread/INFO]: [GravesX] [Modules] No module jars found in plugins/GravesX/modules
[20:05:45] [Server thread/INFO]: [LiveKit] Loading server plugin LiveKit v1.4.9
[20:05:45] [Server thread/INFO]: [ConditionalEvents] Loading server plugin ConditionalEvents v4.80.1
[20:05:45] [Server thread/INFO]: [ItemTag] Loading server plugin ItemTag v3.7.7
[20:05:45] [Server thread/INFO]: [MiniMOTD] Loading server plugin MiniMOTD v2.2.5
[20:05:45] [Server thread/INFO]: [EasyCommandBlocker] Loading server plugin EasyCommandBlocker v1.19.1
[20:05:45] [Server thread/INFO]: [InvLogging] Loading server plugin Multiverse-Inventories v5.3.6
[20:05:45] [Server thread/INFO]: [TAB] Loading server plugin TAB v6.2.0
[20:05:45] [Server thread/INFO]: [Chunky] Loading server plugin Chunky v1.5.3
[20:05:45] [Server thread/INFO]: [EconomyShopGUI] Loading server plugin EconomyShopGUI v7.3.1
[20:05:45] [Server thread/INFO]: [zMenu] Loading server plugin zMenu v1.1.1.9
[20:05:45] [Server thread/INFO]: [TerraformGenerator] Loading server plugin TerraformGenerator v28.0.1
[20:05:45] [Server thread/INFO]: [SkinsRestorer] Loading server plugin SkinsRestorer v15.12.6
[20:05:45] [Server thread/INFO]: [PlayerKits2] Loading server plugin PlayerKits2 v1.24.1
[20:05:45] [Server thread/INFO]: Server permissions file permissions.yml is empty, ignoring it
[20:05:45] [Server thread/INFO]: [LuckPerms] Enabling LuckPerms v5.5.85
[20:05:46] [Server thread/INFO]:         __    
[20:05:46] [Server thread/INFO]:   |    |__)   LuckPerms v5.5.85
[20:05:46] [Server thread/INFO]:   |___ |      Running on Bukkit - Paper
[20:05:46] [Server thread/INFO]: 
[20:05:46] [Server thread/INFO]: [LuckPerms] Loading storage provider... [YAML]
[20:05:46] [Server thread/INFO]: [LuckPerms] Loading internal permission managers...
[20:05:46] [Server thread/INFO]: [LuckPerms] Performing initial data load...
[20:05:47] [Server thread/INFO]: [LuckPerms] Successfully enabled. (took 1198ms)
[20:05:47] [Server thread/INFO]: [Vault] Enabling Vault v1.7.3-b131
[20:05:47] [Server thread/INFO]: [Vault] [Economy] Essentials Economy found: Waiting
[20:05:47] [Server thread/INFO]: [Vault] [Permission] SuperPermissions loaded as backup permission system.
[20:05:47] [Server thread/INFO]: [Vault] Enabled Version 1.7.3-b131
[20:05:47] [Server thread/INFO]: [LuckPerms] Registered Vault permission & chat hook.
[20:05:47] [Server thread/INFO]: [FastAsyncWorldEdit] Enabling FastAsyncWorldEdit v2.15.4+d8666b3
[20:05:47] [Server thread/INFO]: [com.fastasyncworldedit.core.Fawe] LZ4 Compression Binding loaded successfully
[20:05:47] [Server thread/INFO]: [com.fastasyncworldedit.core.Fawe] ZSTD Compression Binding loaded successfully
[20:05:47] [Server thread/INFO]: Registering commands with com.sk89q.worldedit.bukkit.BukkitServerInterface
[20:05:47] [Server thread/INFO]: WEPIF: Vault detected! Using Vault for permissions
[20:05:47] [Server thread/INFO]: Using com.sk89q.worldedit.bukkit.adapter.impl.fawe.v26_2.PaperweightFaweAdapter as the Bukkit adapter
[20:05:48] [Server thread/INFO]: [ProtocolLib] Enabling ProtocolLib v5.4.0
[20:05:48] [Server thread/INFO]: [TerraformGenerator] Enabling TerraformGenerator v28.0.1
[20:05:48] [Server thread/INFO]: [TerraformGenerator] Custom Logger Initialized
[20:05:48] [Server thread/INFO]: [TerraformGenerator] bStats Metrics enabled.
[20:05:48] [Server thread/INFO]: [TerraformGenerator] Detected version: 26.2, plugin will use Version.v26_2, packName: v26_2
[20:05:49] [Server thread/INFO]: [SkinsRestorer] Enabling SkinsRestorer v15.12.6
[20:05:49] [Server thread/INFO]: [SkinsRestorer] Running on Minecraft 26.2.0.
[20:05:49] [Server thread/INFO]: [SkinsRestorer] Floodgate skin listener registered
[20:05:50] [Server thread/INFO]: [SkinsRestorer] Using paper join listener!
[20:05:50] [Server thread/INFO]: [PlaceholderAPI] Successfully registered internal expansion: skinsrestorer [15.12.6]
[20:05:50] [Server thread/INFO]: [SkinsRestorer] PlaceholderAPI expansion registered!
[20:05:50] [Server thread/WARN]: **** SERVER IS RUNNING IN OFFLINE/INSECURE MODE!
[20:05:50] [Server thread/WARN]: The server will make no attempt to authenticate usernames. Beware.
[20:05:50] [Server thread/WARN]: While this makes the game possible to play without internet access, it also opens up the ability for hackers to connect with any username they choose.
[20:05:50] [Server thread/WARN]: To change this, set "online-mode" to "true" in the server.properties file.
[20:05:50] [Server thread/INFO]: Preparing level "world"
[20:05:50] [Folia Async Scheduler Thread #1/INFO]: [SkinsRestorer] ----------------------------------------------
[20:05:50] [Folia Async Scheduler Thread #1/INFO]: [SkinsRestorer]     +===================+
[20:05:50] [Folia Async Scheduler Thread #1/INFO]: [SkinsRestorer]     |   SkinsRestorer   |
[20:05:50] [Folia Async Scheduler Thread #1/INFO]: [SkinsRestorer]     |-------------------|
[20:05:50] [Folia Async Scheduler Thread #1/INFO]: [SkinsRestorer]     |  Standalone Mode  |
[20:05:50] [Folia Async Scheduler Thread #1/INFO]: [SkinsRestorer]     +===================+
[20:05:50] [Folia Async Scheduler Thread #1/INFO]: [SkinsRestorer] ----------------------------------------------
[20:05:50] [Folia Async Scheduler Thread #1/INFO]: [SkinsRestorer]     Version: 15.12.6
[20:05:50] [Folia Async Scheduler Thread #1/INFO]: [SkinsRestorer]     Commit: c8c321f
[20:05:50] [Folia Async Scheduler Thread #1/INFO]: [SkinsRestorer]     This is the latest version!
[20:05:50] [Folia Async Scheduler Thread #1/INFO]: [SkinsRestorer] ----------------------------------------------
[20:05:50] [Folia Async Scheduler Thread #1/INFO]: [SkinsRestorer] Do you have issues? Read our troubleshooting guide: https://skinsrestorer.net/docs/troubleshooting
[20:05:50] [Folia Async Scheduler Thread #1/INFO]: [SkinsRestorer] Want to support SkinsRestorer or receive priority support? Become a supporter: https://skinsrestorer.net/pricing
[20:05:50] [Server thread/INFO]: Loading 0 persistent chunks for level 'minecraft:overworld'...
[20:05:50] [Server thread/INFO]: Preparing spawn area: 100%
[20:05:50] [Server thread/INFO]: Prepared spawn area in 4 ms
[20:05:50] [Server thread/INFO]: Loading 0 persistent chunks for level 'minecraft:the_nether'...
[20:05:50] [Server thread/INFO]: Prepared spawn area in 1 ms
[20:05:50] [Server thread/INFO]: Loading 0 persistent chunks for level 'minecraft:the_end'...
[20:05:50] [Server thread/INFO]: Prepared spawn area in 1 ms
[20:05:50] [Server thread/INFO]: Done preparing level "world" (0.654s)
[20:05:50] [Server thread/INFO]: [ViaVersion] Enabling ViaVersion v5.12.0
[20:05:50] [Server thread/INFO]: [ViaVersion] ViaVersion detected server version: 26.2 (776)
[20:05:50] [Server thread/INFO]: [WorldGuard] Enabling WorldGuard v7.0.19+2400-f395a16
[20:05:51] [Server thread/INFO]: [WorldGuard] (world) TNT ignition is PERMITTED.
[20:05:51] [Server thread/INFO]: [WorldGuard] (world) Lighters are PERMITTED.
[20:05:51] [Server thread/INFO]: [WorldGuard] (world) Lava fire is PERMITTED.
[20:05:51] [Server thread/INFO]: [WorldGuard] (world) Fire spread is UNRESTRICTED.
[20:05:51] [Server thread/INFO]: [WorldGuard] Loaded configuration for world 'world'
[20:05:51] [Server thread/INFO]: [WorldGuard] (world_nether) TNT ignition is PERMITTED.
[20:05:51] [Server thread/INFO]: [WorldGuard] (world_nether) Lighters are PERMITTED.
[20:05:51] [Server thread/INFO]: [WorldGuard] (world_nether) Lava fire is PERMITTED.
[20:05:51] [Server thread/INFO]: [WorldGuard] (world_nether) Fire spread is UNRESTRICTED.
[20:05:51] [Server thread/INFO]: [WorldGuard] Loaded configuration for world 'world_nether'
[20:05:51] [Server thread/INFO]: [WorldGuard] (world_the_end) TNT ignition is PERMITTED.
[20:05:51] [Server thread/INFO]: [WorldGuard] (world_the_end) Lighters are PERMITTED.
[20:05:51] [Server thread/INFO]: [WorldGuard] (world_the_end) Lava fire is PERMITTED.
[20:05:51] [Server thread/INFO]: [WorldGuard] (world_the_end) Fire spread is UNRESTRICTED.
[20:05:51] [Server thread/INFO]: [WorldGuard] Loaded configuration for world 'world_the_end'
[20:05:51] [Server thread/INFO]: [WorldGuard] Loading region data...
[20:05:51] [Server thread/INFO]: [floodgate] Enabling floodgate v2.2.5-SNAPSHOT (b141-81b65cc)
[20:05:51] [Server thread/INFO]: [PlaceholderAPI] Enabling PlaceholderAPI v2.12.3
[20:05:51] [Server thread/INFO]: [PlaceholderAPI] Fetching available expansion information...
[20:05:51] [Server thread/INFO]: [AdvancedTeleport] Enabling AdvancedTeleport v6.2.0
[20:05:51] [Server thread/INFO]: [AdvancedTeleport] Performing server version check.
[20:05:51] [Server thread/ERROR]: [AdvancedTeleport] !!! YOU ARE USING ADVANCEDTELEPORT ON AN UNSUPPORTED VERSION. !!!
[20:05:51] [Server thread/ERROR]: [AdvancedTeleport] The plugin only receives mainstream support for 1.17.1 to 1.19.x
[20:05:51] [Server thread/ERROR]: [AdvancedTeleport] If you experience an issue with the plugin, please confirm whether it occurs on newer versions as well.
[20:05:51] [Server thread/ERROR]: [AdvancedTeleport] If you experience issues that only occur on your version, then we are not responsible for addressing it.
[20:05:51] [Server thread/ERROR]: [AdvancedTeleport] You have been warned.
[20:05:51] [Server thread/INFO]: [AdvancedTeleport] Detected major version: 2
[20:05:51] [Server thread/INFO]: [AdvancedTeleport] Advanced Teleport is now enabling...
[20:05:51] [Server thread/INFO]: [AdvancedTeleport] Setting up permissions integration with Vault.
[20:05:51] [Server thread/INFO]: [AdvancedTeleport] LuckPerms hooked into successfully.
[20:05:51] [Server thread/INFO]: [AdvancedTeleport] Loading MainConfig.
[20:05:52] [Server thread/INFO]: [AdvancedTeleport] Registered the image warp_default!
[20:05:52] [Server thread/INFO]: [AdvancedTeleport] Registered the image home_default!
[20:05:52] [Server thread/INFO]: [AdvancedTeleport] Registered the image spawn_default!
[20:05:52] [Server thread/INFO]: [EmberCoins] Enabling EmberCoins v1.1.0
[20:05:52] [Server thread/INFO]: [EmberCoins] Language: en (42 strings)
[20:05:52] [Server thread/INFO]: [EmberCoins] Currencies: coins, gems, tokens (primary: coins)
[20:05:52] [Server thread/INFO]: [EmberCoins] Loaded 0 account(s).
[20:05:52] [Server thread/INFO]: [EmberCoins] Coin drops configured for 10 specific mob type(s).
[20:05:52] [Server thread/INFO]: [EmberCoins] Registered with Vault as the server economy.
[20:05:52] [Server thread/INFO]: [PlaceholderAPI] Successfully registered internal expansion: embercoins [1.1.0]
[20:05:52] [Server thread/INFO]: [EmberCoins] Registered PlaceholderAPI expansion (%embercoins_...%).
[20:05:52] [Server thread/INFO]: [EmberCoins] Ember Coins enabled.
[20:05:52] [Server thread/INFO]: [Geyser-Spigot] Enabling Geyser-Spigot v2.11.3-SNAPSHOT
[20:05:53] [Server thread/INFO]: [Essentials] Enabling Essentials v2.22.1-dev+25-cfb6f12
[20:05:53] [Server thread/INFO]: [Essentials] Attempting to convert old kits in config.yml to new kits.yml
[20:05:53] [Server thread/INFO]: [Essentials] No kits found to migrate.
[20:05:53] [Server thread/INFO]: [Essentials] Selected 1.20.5+ Banner Data Provider as the provider for BannerDataProvider
[20:05:53] [Server thread/INFO]: [Essentials] Selected Paper Serialization Provider as the provider for SerializationProvider
[20:05:53] [Server thread/INFO]: [Essentials] Selected 1.21+ InventoryView Interface ABI Provider as the provider for InventoryViewProvider
[20:05:53] [Server thread/INFO]: [Essentials] Selected 1.14+ Sign Data Provider as the provider for SignDataProvider
[20:05:53] [Server thread/INFO]: [Essentials] Selected 1.20.4+ Damage Event Provider as the provider for DamageEventProvider
[20:05:53] [Server thread/INFO]: [Essentials] Selected Paper Material Tag Provider as the provider for MaterialTagProvider
[20:05:53] [Server thread/INFO]: [Essentials] Selected Modern (Registry-based) PatternType Provider as the provider for PatternTypeProvider
[20:05:53] [Server thread/INFO]: [Essentials] No provider found for BiomeKeyProvider, but it is nullable
[20:05:53] [Server thread/INFO]: [Essentials] Selected 1.17.1+ World Info Provider as the provider for WorldInfoProvider
[20:05:53] [Server thread/INFO]: [Essentials] Selected Paper Container Provider as the provider for ContainerProvider
[20:05:53] [Server thread/INFO]: [Essentials] Selected 1.8.3+ Spawner Item Provider as the provider for SpawnerItemProvider
[20:05:53] [Server thread/INFO]: [Essentials] Selected 1.11+ Item Unbreakable Provider as the provider for ItemUnbreakableProvider
[20:05:53] [Server thread/INFO]: [Essentials] Selected Paper 1.13+ Tile Entity Provider as the provider for TileEntityProvider
[20:05:53] [Server thread/INFO]: [Essentials] Selected 1.12+ Spawner Block Provider as the provider for SpawnerBlockProvider
[20:05:53] [Server thread/INFO]: [Essentials] Selected Legacy Biome Name Provider as the provider for BiomeNameProvider
[20:05:53] [Server thread/INFO]: [Essentials] Selected 1.21.4+ Sync Commands Provider as the provider for SyncCommandsProvider
[20:05:53] [Server thread/INFO]: [Essentials] Selected Reflection Formatted Command Alias Provider as the provider for FormattedCommandAliasProvider
[20:05:53] [Server thread/INFO]: [Essentials] Selected Paper Known Commands Provider as the provider for KnownCommandsProvider
[20:05:53] [Server thread/INFO]: [Essentials] Selected Paper Tick Count Provider as the provider for TickCountProvider
[20:05:53] [Server thread/INFO]: [Essentials] Selected Reflection Online Mode Provider as the provider for OnlineModeProvider
[20:05:53] [Server thread/INFO]: [Essentials] Selected 1.14.4+ Persistent Data Container Provider as the provider for PersistentDataProvider
[20:05:53] [Server thread/INFO]: [Essentials] Selected 1.20.6+ Potion Meta Provider as the provider for PotionMetaProvider
[20:05:53] [Server thread/INFO]: [Essentials] Selected 1.13+ Spawn Egg Provider as the provider for SpawnEggProvider
[20:05:53] [Server thread/INFO]: [Essentials] Selected 1.12.2+ Player Locale Provider as the provider for PlayerLocaleProvider
[20:05:53] [Server thread/INFO]: [Essentials] Selected Paper Server State Provider as the provider for ServerStateProvider
[20:05:53] [Server thread/INFO]: [Essentials] Loaded 48578 items from items.json.
[20:05:53] [Server thread/INFO]: [Essentials] Using locale en
[20:05:53] [Server thread/INFO]: [Essentials] ServerListPingEvent: Spigot iterator API
[20:05:53] [Server thread/INFO]: [Essentials] Starting Metrics. Opt-out using the global bStats config.
[20:05:54] [Server thread/INFO]: [Vault] [Economy] Essentials Economy hooked.
[20:05:54] [Server thread/INFO]: [Essentials] Using Vault based permissions (LuckPerms)
[20:05:54] [Server thread/INFO]: [ItemEdit] Enabling ItemEdit v3.7.10
[20:05:54] [Server thread/INFO]: [ItemEdit] Hooking into MiniMessageAPI see https://webui.advntr.dev/
[20:05:54] [Server thread/INFO]: [ItemEdit] Selected Storage Type: YAML
[20:05:54] [Server thread/INFO]: [ItemEdit] Hooking into Vault
[20:05:54] [Server thread/INFO]: [ItemEdit] Hooking into PlaceHolderAPI
[20:05:54] [Server thread/INFO]: [ItemEdit] placeholders:
[20:05:54] [Server thread/INFO]: [ItemEdit]   %itemedit_amount_<{itemid}>_[{slot}]_[{player}]%
[20:05:54] [Server thread/INFO]: [ItemEdit]     shows how many itemid player has on slot
[20:05:54] [Server thread/INFO]: [ItemEdit]     <{itemid}> for item id on serveritem
[20:05:54] [Server thread/INFO]: [ItemEdit]     [{slot}] for the slot where the item should be counted, by default inventory
[20:05:54] [Server thread/INFO]: [ItemEdit]       Values: inventory (include offhand), equip (include offhand), inventoryandequip (include offhand), hand, offhand, head, chest, legs, feet
[20:05:54] [Server thread/INFO]: [ItemEdit]     [{player}] for the player, by default self
[20:05:54] [Server thread/INFO]: [ItemEdit]     example: %itemedit_amount_{my_item_id}_{hand}%
[20:05:54] [Server thread/INFO]: [PlaceholderAPI] Successfully registered internal expansion: itemedit [1.0]
[20:05:54] [Server thread/INFO]: [ItemEdit] # Enabled (took 179 ms)
[20:05:54] [Server thread/INFO]: [Multiverse-Core] Enabling Multiverse-Core v5.8.1
[20:05:54] [Server thread/INFO]: [TerraformGenerator] Detected world: gama_alta, commencing injection... 
[20:05:54] [Server thread/INFO]: [TerraformGenerator] Injection success! Proceeding with generation.
[20:05:54] [Server thread/INFO]: Loading 0 persistent chunks for level 'minecraft:gama_alta'...
[20:05:54] [Server thread/INFO]: Prepared spawn area in 0 ms
[20:05:54] [Server thread/INFO]: [TerraformGenerator] gama_alta loaded.
[20:05:54] [Server thread/INFO]: [WorldGuard] (gama_alta) TNT ignition is PERMITTED.
[20:05:54] [Server thread/INFO]: [WorldGuard] (gama_alta) Lighters are PERMITTED.
[20:05:54] [Server thread/INFO]: [WorldGuard] (gama_alta) Lava fire is PERMITTED.
[20:05:54] [Server thread/INFO]: [WorldGuard] (gama_alta) Fire spread is UNRESTRICTED.
[20:05:54] [Server thread/INFO]: [WorldGuard] Loaded configuration for world 'gama_alta'
[20:05:54] [Server thread/INFO]: Keep spawn in memory feature has been removed by Minecraft in 1.21.9+ and will no longer have any effect when set to true.
[20:05:54] [Server thread/INFO]: Loading 0 persistent chunks for level 'minecraft:lobby'...
[20:05:54] [Server thread/INFO]: Preparing spawn area: 100%
[20:05:54] [Server thread/INFO]: Prepared spawn area in 2 ms
[20:05:54] [Server thread/INFO]: [WorldGuard] (lobby) TNT ignition is PERMITTED.
[20:05:54] [Server thread/INFO]: [WorldGuard] (lobby) Lighters are PERMITTED.
[20:05:54] [Server thread/INFO]: [WorldGuard] (lobby) Lava fire is PERMITTED.
[20:05:54] [Server thread/INFO]: [WorldGuard] (lobby) Fire spread is UNRESTRICTED.
[20:05:54] [Server thread/INFO]: [WorldGuard] Loaded configuration for world 'lobby'
[20:05:54] [Server thread/INFO]: Keep spawn in memory feature has been removed by Minecraft in 1.21.9+ and will no longer have any effect when set to true.
[20:05:54] [Server thread/INFO]: Keep spawn in memory feature has been removed by Minecraft in 1.21.9+ and will no longer have any effect when set to true.
[20:05:54] [Server thread/INFO]: Keep spawn in memory feature has been removed by Minecraft in 1.21.9+ and will no longer have any effect when set to true.
[20:05:54] [Server thread/INFO]: Keep spawn in memory feature has been removed by Minecraft in 1.21.9+ and will no longer have any effect when set to true.
[20:05:55] [Server thread/INFO]: [PlaceholderAPI] Successfully registered internal expansion: multiverse-core [5.8.1]
[20:05:55] [Server thread/INFO]: [Multiverse-Core] API service loaded!
[20:05:55] [Server thread/INFO]: [Multiverse-Core] Version 5.8.1 (API v5.8) Enabled - By dumptruckman, Rigby, fernferret, lithium3141, main--, benwoo1110 and Zax71
[20:05:55] [Server thread/INFO]: [Multiverse-Core] Loving Multiverse-Core? Please consider supporting the project with a small donation: https://github.com/sponsors/Multiverse
[20:05:55] [Server thread/INFO]: [ViaBackwards] Enabling ViaBackwards v5.12.0
[20:05:55] [Server thread/INFO]: [GravesX] Enabling GravesX v2026.4.9.2
[20:05:55] [Server thread/INFO]: [GravesX] Loading Libraries for GravesX
[20:05:55] [Server thread/WARN]: [GravesX] Paper v.26.2-121-a2a42c5 (MC: 26.2) detected. Using BukkitLibraryManager to download and load libraries.
[20:05:56] [Server thread/INFO]: [GravesX] Finished Loading Libraries for GravesX.
[20:05:56] [Server thread/INFO]: [GravesX] Integration: Hooked into Vault 1.7.3-b131's permissions provider.
[20:05:56] [Server thread/INFO]: [GravesX] Integration: Hooked into ProtocolLib 5.4.0.
[20:05:56] [Server thread/INFO]: [GravesX] Integration: Hooked into MiniMessage.
[20:05:56] [Server thread/INFO]: [PlaceholderAPI] Successfully registered internal expansion: gravesx [2026.4.9.2]
[20:05:56] [Server thread/INFO]: [GravesX] Integration: Hooked into PlaceholderAPI 2.12.3.
[20:05:56] [Server thread/WARN]: [GravesX] Compatibility: Essentials Detected, make sure you don't have the essentials.keepinv or essentials.keepxp permissions. This is not a bug.
[20:05:56] [Server thread/WARN]: [GravesX] Compatibility: Paper or a Paper fork detected. To ensure holograms disappear correctly when looting graves, make sure 'armor-stands-tick' or 'armor-stands.tick' is set to true. This is not a bug.
[20:05:56] [Server thread/INFO]: [GravesX] Integration: Hooked into LuckPerms 5.5.85.
[20:05:56] [Server thread/INFO]: [GravesX] Integration: Hooked into Geyser-Spigot 2.11.3-SNAPSHOT.
[20:05:56] [Server thread/INFO]: [GravesX] Integration: Hooked into floodgate 2.2.5-SNAPSHOT (b141-81b65cc).
[20:05:56] [Server thread/INFO]: [com.ranull.graves.libraries.hikari.HikariDataSource] GravesX h2 - Starting...
[20:05:56] [pool-18-thread-1/WARN]: [floodgate] 
**********************************
* The prefix you entered in your Floodgate config (_) could lead to username conflicts!
* Should a Java player join with the username _Notch, and a Bedrock player join as Notch (who will be given the name _Notch), unwanted results will happen!
* We strongly recommend using . as the prefix, but other alternatives that will not conflict include: +, - and *
**********************************
[20:05:56] [Server thread/INFO]: [com.ranull.graves.libraries.hikari.pool.HikariPool] GravesX h2 - Added connection conn0: url=jdbc:h2:file:/workspaces/server/servidor_minecraft/plugins/GravesX/data/graves.data user=SA
[20:05:56] [Server thread/INFO]: [com.ranull.graves.libraries.hikari.HikariDataSource] GravesX h2 - Start completed.
[20:05:56] [Server thread/INFO]: [GravesX] [Modules] Loading GravesX Modules...
[20:05:56] [Server thread/INFO]: [GravesX] [Modules] Detected 0 module(s).
[20:05:56] [Folia Async Scheduler Thread #2/INFO]: [GravesX] Loading grave maps...
[20:05:56] [Folia Async Scheduler Thread #2/INFO]: [GravesX] Loaded 3 grave maps into cache.
[20:05:56] [Folia Async Scheduler Thread #3/INFO]: [GravesX] Loading Block Map cache...
[20:05:56] [Folia Async Scheduler Thread #4/INFO]: [GravesX] Loading Holograms into Hologram Map Cache...
[20:05:56] [Folia Async Scheduler Thread #0/INFO]: [GravesX] Loading Entity Map Cache for itemframe...
[20:05:56] [Folia Async Scheduler Thread #0/INFO]: [GravesX] Loaded 0 entities into Entity Map Cache for itemframe.
[20:05:56] [Folia Async Scheduler Thread #3/INFO]: [GravesX] Queued 3 Blocks into the Block Map Cache (batched by chunk).
[20:05:56] [Folia Async Scheduler Thread #4/INFO]: [GravesX] Loaded 9 Holograms into Hologram Map Cache.
[20:05:57] [Folia Async Scheduler Thread #1/INFO]: [GravesX] Loading Entity Map Cache for armorstand...
[20:05:57] [Folia Async Scheduler Thread #1/INFO]: [GravesX] Loaded 0 entities into Entity Map Cache for armorstand.
[20:05:57] [Server thread/INFO]: [GravesX] Loading bStats Metrics Manager...
[20:05:57] [Server thread/INFO]: [GravesX] bStats metrics loaded: https://bstats.org/plugin/bukkit/GravesX/23069
[20:05:57] [Server thread/INFO]: [GravesX] bStats legacy metrics loaded: https://bstats.org/plugin/bukkit/Graves/12849
[20:05:57] [Server thread/INFO]: [LiveKit] Enabling LiveKit v1.4.9
[20:05:57] [Server thread/INFO]: [LiveKit] Using default permissions from config.yml for connected LiveKit clients
[20:05:57] [Server thread/INFO]: [LiveKit] Initializing storage adapter...[SQLITE]
[20:05:57] [Server thread/INFO]: [LiveKit] 266 regions detected for world world took 9ms
[20:05:57] [Server thread/INFO]: [LiveKit] 331 regions detected for world world_the_end took 13ms
[20:05:57] [Server thread/INFO]: [LiveKit] 325 regions detected for world world_nether took 10ms
[20:05:57] [Server thread/INFO]: [LiveKit] Console access password: U2qQ4NYjlB
[20:05:57] [LiveKit server/INFO]: [LiveKit] Server listening on 1234 for incoming connections
[20:05:57] [Server thread/INFO]: [ConditionalEvents] Enabling ConditionalEvents v4.80.1
[20:05:57] [Server thread/INFO]: [PlaceholderAPI] Successfully registered internal expansion: conditionalevents [4.80.1]
[20:05:57] [Server thread/INFO]: [ConditionalEvents] Has been enabled! Version: 4.80.1
[20:05:57] [Server thread/INFO]: [ConditionalEvents] Thanks for using my plugin!   ~Ajneb97
[20:05:57] [Server thread/INFO]: [ItemTag] Enabling ItemTag v3.7.7
[20:05:57] [Server thread/INFO]: [ItemTag] Data using Spigot PersistentDataContainer
[20:05:57] [Server thread/INFO]: [ItemTag] Hooking into PlaceholderApi
[20:05:57] [Server thread/INFO]: [ItemTag] Hooked into PlaceHolderAPI:
[20:05:57] [Server thread/INFO]: [ItemTag] placeholders:
[20:05:57] [Server thread/INFO]: [ItemTag]   %itemtag_cooldown_<timeunit>_[cooldownid]%
[20:05:57] [Server thread/INFO]: [ItemTag]     shows how much cooldown has selected cooldownid for player
[20:05:57] [Server thread/INFO]: [ItemTag]     <timeunit> may be h, s or ms
[20:05:57] [Server thread/INFO]: [ItemTag]     [cooldownid] for cooldown type, by default default
[20:05:57] [Server thread/INFO]: [ItemTag]     example: %itemtag_cooldown_s_anid%
[20:05:57] [Server thread/INFO]: [ItemTag]   %itemtag_handcooldown_<timeunit>%
[20:05:57] [Server thread/INFO]: [ItemTag]     shows how much cooldown has player on the item in his hand
[20:05:57] [Server thread/INFO]: [ItemTag]     <timeunit> may be h, s or ms
[20:05:57] [Server thread/INFO]: [ItemTag]     example: %itemtag_handcooldown_s%
[20:05:57] [Server thread/INFO]: [PlaceholderAPI] Successfully registered internal expansion: itemtag [1.0]
[20:05:57] [Server thread/INFO]: [ItemTag] # Enabled (took 68 ms)
[20:05:57] [Server thread/INFO]: [MiniMOTD] Enabling MiniMOTD v2.2.5
[20:05:57] [Server thread/INFO]: [EasyCommandBlocker] Enabling EasyCommandBlocker v1.19.1
[20:05:57] [Server thread/INFO]: [EasyCommandBlocker] Has been enabled! Version: 1.19.1
[20:05:57] [Server thread/INFO]: [EasyCommandBlocker] Thanks for using my plugin!   ~Ajneb97
[20:05:57] [Server thread/INFO]: [Multiverse-Inventories] Enabling Multiverse-Inventories v5.3.6
[20:05:58] [Server thread/INFO]: [PlaceholderAPI] Successfully registered internal expansion: multiverse-inventories [5.3.6]
[20:05:58] [Server thread/INFO]: [Multiverse-Inventories] Loading player names map...
[20:05:58] [Server thread/INFO]: [Multiverse-Inventories] Generating player names map... This may take a while.
[20:05:58] [Server thread/INFO]: [Multiverse-Inventories] Generated player names map.
[20:05:58] [Server thread/INFO]: [Multiverse-Inventories] Version 5.3.6 (API v5.3) Enabled - By dumptruckman and benwoo1110
[20:05:58] [Server thread/INFO]: [TAB] Enabling TAB v6.2.0
[20:05:58] [Server thread/INFO]: [TAB] Found NMS implementation: me.neznamy.tab.platforms.bukkit.paper_26_2.NMSImplementationProvider
[20:05:58] [Server thread/INFO]: [TAB] [WARN] [groups.yml] Unknown property "header" defined for group "example_group". Valid properties: [tagprefix, tagsuffix, tabprefix, customtabname, tabsuffix]
[20:05:58] [Server thread/INFO]: [TAB] [WARN] [groups.yml] Unknown property "footer" defined for group "example_group". Valid properties: [tagprefix, tagsuffix, tabprefix, customtabname, tabsuffix]
[20:05:58] [Server thread/INFO]: [TAB] [WARN] Found a total of 2 issues.
[20:05:58] [Server thread/INFO]: [TAB] Enabled in 206ms
[20:05:58] [Server thread/INFO]: [Chunky] Enabling Chunky v1.5.3
[20:05:58] [Server thread/INFO]: [EconomyShopGUI] Enabling EconomyShopGUI v7.3.1
[20:05:58] [Server thread/INFO]: [EconomyShopGUI] [INFO]: Initializing paper meta...
[20:05:58] [Server thread/INFO]: [EconomyShopGUI] [INFO]: Using lang-es.yml as language file
[20:05:58] [Server thread/INFO]: [EconomyShopGUI] [INFO]: Carga completada 16 configuraciones de la sección de /secciones/
[20:05:58] [Server thread/INFO]: [EconomyShopGUI] [INFO]: Completada la carga de la configuración de 16 tiendas desde /shops/
[20:05:58] [Server thread/INFO]: [EconomyShopGUI] [INFO]: Actualizando la configuración de la tienda...
[20:05:58] [Server thread/INFO]: [EconomyShopGUI] [INFO]: Successfully hooked into Vault and using Ember Coins as economy provider
[20:05:58] [Server thread/INFO]: [EconomyShopGUI] [INFO]: Se completó la carga de 1 proveedor(es) de economía para todas las 14 secciones de tiendas.
[20:05:58] [Server thread/INFO]: [EconomyShopGUI] [INFO]: Usando minecraft versión 26.2...
[20:05:58] [Server thread/INFO]: [EconomyShopGUI] [INFO]: Proveedor spawner establecido en AUTO en la configuración
[20:05:58] [Server thread/INFO]: [EconomyShopGUI] [INFO]: Automatically searching for compatible spawner provider....
[20:05:58] [Server thread/INFO]: [EconomyShopGUI] [INFO]: Failed to automatically find compatible spawner provider, using default...
[20:05:59] [Server thread/INFO]: [PlaceholderAPI] Successfully registered internal expansion: esgui [1.1.0]
[20:05:59] [Server thread/INFO]: [EconomyShopGUI] [INFO]: El modo de depuración está habilitado.
[20:05:59] [Server thread/INFO]: [EconomyShopGUI] [INFO]: Cargando todos los elementos...
[20:05:59] [Server thread/INFO]: [EconomyShopGUI] [INFO]: Iniciado - Tomó 928ms para completar
[20:05:59] [Server thread/INFO]: [zMenu] Enabling zMenu v1.1.1.9
[20:05:59] [Server thread/INFO]: [zMenu v1.1.1.9] Use ComponentMeta
[20:05:59] [Server thread/INFO]: [zMenu v1.1.1.9] === ENABLE START ===
[20:05:59] [Server thread/INFO]: [zMenu v1.1.1.9] Plugin Version V1.1.1.9
[20:05:59] [Server thread/INFO]: [PlaceholderAPI] Successfully registered internal expansion: zmenu [1.1.1.9]
[20:05:59] [Server thread/INFO]: [zMenu v1.1.1.9] The database connection is valid ! (SQLITE)
[20:06:00] [Server thread/INFO]: [org.reflections.Reflections] Reflections took 236 ms to scan 1 urls, producing 396 keys and 1967 values
[20:06:00] [Server thread/INFO]: [zMenu v1.1.1.9] Registered 10 auto rule loader(s).
[20:06:00] [Server thread/INFO]: [zMenu v1.1.1.9] Registered 97 auto component loader(s).
[20:06:00] [Server thread/INFO]: [zMenu v1.1.1.9] ViaVersion detected, loading client version detection
[20:06:00] [Server thread/INFO]: [zMenu v1.1.1.9] Paper server detected, loading Dialogs support
[20:06:00] [Server thread/INFO]: [zMenu v1.1.1.9] Geyser or Floodgate detected, loading Bedrock Inventory support
[20:06:00] [Server thread/INFO]: [zMenu] Registering 1 commands via lifecycle events...
[20:06:00] [Server thread/INFO]: [zMenu v1.1.1.9] Registered 2 auto listener(s).
[20:06:00] [Server thread/INFO]: [zMenu v1.1.1.9] Registered 2 auto material loader(s).
[20:06:00] [Server thread/INFO]: [zMenu v1.1.1.9] Registered 10 auto permissible loader(s).
[20:06:00] [Server thread/INFO]: [zMenu v1.1.1.9] Registered 33 auto action loader(s).
[20:06:00] [Server thread/INFO]: [zMenu v1.1.1.9] Registered 28 auto button loader(s).
[20:06:00] [Server thread/INFO]: [zMenu v1.1.1.9] Registered 5 auto item stack similar(s).
[20:06:00] [Server thread/INFO]: [zMenu v1.1.1.9] Registered 9 auto command argument validator(s).
[20:06:00] [Server thread/INFO]: [zMenu v1.1.1.9] plugins/zMenu/actions_patterns/default-actions.yml loaded successfully !
[20:06:00] [Server thread/INFO]: [zMenu v1.1.1.9] plugins/zMenu/patterns/pattern_example.yml loaded successfully !
[20:06:00] [Server thread/INFO]: [zMenu v1.1.1.9] plugins/zMenu/inventories/Mundos.yml loaded successfully !
[20:06:00] [Server thread/INFO]: [zMenu v1.1.1.9] plugins/zMenu/inventories/examples/cookies.yml loaded successfully !
[20:06:00] [Server thread/INFO]: Environment: Environment[sessionHost=https://sessionserver.mojang.com, servicesHost=https://api.minecraftservices.com, profilesHost=https://api.mojang.com, name=PROD]
[20:06:00] [Server thread/INFO]: [zMenu v1.1.1.9] plugins/zMenu/inventories/examples/playtimes.yml loaded successfully !
[20:06:00] [Server thread/INFO]: [zMenu v1.1.1.9] plugins/zMenu/inventories/examples/switch.yml loaded successfully !
[20:06:00] [Server thread/INFO]: [zMenu v1.1.1.9] plugins/zMenu/inventories/examples/item_drag.yml loaded successfully !
[20:06:00] [Server thread/INFO]: [zMenu v1.1.1.9] plugins/zMenu/inventories/pro_inventory.yml loaded successfully !
[20:06:00] [Server thread/INFO]: [zMenu v1.1.1.9] plugins/zMenu/inventories/basic_inventory.yml loaded successfully !
[20:06:00] [Server thread/INFO]: [zMenu v1.1.1.9] plugins/zMenu/inventories/advanced_inventory.yml loaded successfully !
[20:06:00] [Server thread/INFO]: [zMenu v1.1.1.9] plugins/zMenu/inventories/animated_title_inventory.yml loaded successfully !
[20:06:00] [Server thread/INFO]: [zMenu v1.1.1.9] plugins/zMenu/inventories/example_punish.yml loaded successfully !
[20:06:00] [Server thread/INFO]: [zMenu v1.1.1.9] plugins/zMenu/inventories/menu.yml loaded successfully !
[20:06:00] [Server thread/INFO]: [zMenu v1.1.1.9] plugins/zMenu/dialogs/dynamic-dialog-example.yml loaded successfully!
[20:06:00] [Server thread/INFO]: [zMenu v1.1.1.9] plugins/zMenu/dialogs/server_link-dialog.yml loaded successfully!
[20:06:00] [Server thread/INFO]: [zMenu v1.1.1.9] plugins/zMenu/dialogs/default-dialog.yml loaded successfully!
[20:06:00] [Server thread/INFO]: [zMenu v1.1.1.9] plugins/zMenu/dialogs/confirmation-dialog.yml loaded successfully!
[20:06:00] [Server thread/INFO]: [zMenu v1.1.1.9] plugins/zMenu/dialogs/multi_action-dialog.yml loaded successfully!
[20:06:00] [Server thread/INFO]: [zMenu v1.1.1.9] plugins/zMenu/bedrock/custom-form.yml loaded successfully!
[20:06:00] [Server thread/INFO]: [zMenu v1.1.1.9] plugins/zMenu/bedrock/simple-form.yml loaded successfully!
[20:06:00] [Server thread/INFO]: [zMenu v1.1.1.9] plugins/zMenu/bedrock/modal-form.yml loaded successfully!
[20:06:00] [Server thread/INFO]: [zMenu v1.1.1.9] Command /menu successfully register.
[20:06:00] [Server thread/INFO]: [zMenu v1.1.1.9] Command /mundos successfully register.
[20:06:00] [Server thread/INFO]: [zMenu v1.1.1.9] Command /punish successfully register.
[20:06:00] [Server thread/INFO]: [zMenu v1.1.1.9] 
[20:06:00] [Server thread/INFO]: [zMenu v1.1.1.9] You can support zMenu by upgrading your account here: https://minecraft-inventory-builder.com/pricing
[20:06:00] [Server thread/INFO]: [zMenu v1.1.1.9] 
[20:06:00] [Server thread/INFO]: [zMenu v1.1.1.9] Loading 3 commands
[20:06:00] [Server thread/INFO]: [zMenu v1.1.1.9] === ENABLE DONE (832ms) ===
[20:06:00] [Server thread/INFO]: [PlayerKits2] Enabling PlayerKits2 v1.24.1
[20:06:00] [Server thread/INFO]: [PlaceholderAPI] Successfully registered internal expansion: playerkits [1.24.1]
[20:06:00] [Server thread/INFO]: [PlayerKits²] Has been enabled! Version: 1.24.1
[20:06:00] [Server thread/INFO]: [PlayerKits²] Thanks for using my plugin!   ~Ajneb97
[20:06:01] [Server thread/INFO]: [spark] Starting background profiler...
[20:06:01] [Server thread/INFO]: [PlaceholderAPI] Placeholder expansion registration initializing...
[20:06:01] [Server thread/INFO]: [Geyser-Spigot] ******************************************
[20:06:01] [Server thread/INFO]: [Geyser-Spigot] 
[20:06:01] [Server thread/INFO]: [Geyser-Spigot] Loading Geyser version 2.11.3-b1247 (git-master-63a4e2b)
[20:06:01] [Server thread/INFO]: [Geyser-Spigot] 
[20:06:01] [Server thread/INFO]: [Geyser-Spigot] ******************************************
[20:06:02] [pool-67-thread-1/INFO]: [LiveKit] Connect via 135.237.130.229:1234 [PROXIED CONNECTION]
[20:06:02] [pool-67-thread-1/INFO]: [LiveKit] If you want to connect with a hostname instead of your IP, setup the proxy->hostname in the config.yml!
[20:06:02] [pool-67-thread-1/WARN]: [LiveKit] NOTE: You need to setup port forwarding for LiveKit port 1234 to enable direct connections! Direct connections offer better performance and stability! Proxy connections are only a fallback if port forwarding is not possible! Only 3 proxy connections are allowed!
[20:06:02] [Server thread/INFO]: [Geyser-Spigot] Registered 199 custom block overrides.
[20:06:02] [Server thread/INFO]: [Geyser-Spigot] Registered 2 custom block item overrides.
[20:06:02] [Server thread/INFO]: [Geyser-Spigot] Registered 7 custom blocks.
[20:06:04] [Server thread/INFO]: [Geyser-Spigot] Registered 1 custom items
[20:06:04] [Server thread/WARN]: [Geyser-Spigot] Detected GeyserOptionalPack! It should be removed (found in: packs/GeyserOptionalPack.mcpack), as Geyser now includes an improved version of this resource pack by default!
[20:06:04] [Server thread/WARN]: [Geyser-Spigot] Disabling the integrated pack...
[20:06:05] [GeyserServer-3-1/INFO]: [Geyser-Spigot] Started Geyser on UDP port 19132
[20:06:05] [Server thread/INFO]: [Geyser-Spigot] Done (3.492s)! Run /geyser help for help!
[20:06:05] [Server thread/INFO]: Saving chunks for level 'ServerLevel[world]'/minecraft:overworld
[20:06:05] [Server thread/INFO]: Saving chunks for level 'ServerLevel[world]'/minecraft:the_nether
[20:06:05] [Server thread/INFO]: Saving chunks for level 'ServerLevel[world]'/minecraft:the_end
[20:06:05] [Server thread/INFO]: Saving chunks for level 'ServerLevel[world]'/minecraft:gama_alta
[20:06:05] [Server thread/INFO]: Saving chunks for level 'ServerLevel[world]'/minecraft:lobby
[20:06:05] [Server thread/INFO]: ThreadedAnvilChunkStorage (world): All chunks are saved
[20:06:05] [Server thread/INFO]: ThreadedAnvilChunkStorage (DIM-1): All chunks are saved
[20:06:05] [Server thread/INFO]: ThreadedAnvilChunkStorage (DIM1): All chunks are saved
[20:06:05] [Server thread/INFO]: ThreadedAnvilChunkStorage (gama_alta): All chunks are saved
[20:06:05] [Server thread/INFO]: ThreadedAnvilChunkStorage (lobby): All chunks are saved
[20:06:05] [Server thread/INFO]: ThreadedAnvilChunkStorage: All dimensions are saved
[20:06:05] [Server thread/INFO]: Running delayed init tasks
[20:06:05] [Craft Scheduler Thread - 1 - ViaVersion/INFO]: [ViaVersion] Finished mapping loading, shutting down loader executor.
[20:06:05] [Craft Scheduler Thread - 0 - Essentials/INFO]: [Essentials] Fetching version information...
[20:06:05] [Craft Scheduler Thread - 7 - AdvancedTeleport/INFO]: [AdvancedTeleport] Preparing random teleportation locations. If your server performance or memory suffers, please set `use-rapid-response` to false in the config.yml file.
[20:06:05] [Craft Scheduler Thread - 1 - Vault/INFO]: [Vault] Checking for Updates ... 
[20:06:05] [Server thread/INFO]: [com.fastasyncworldedit.bukkit.regions.WorldGuardFeature] Plugin 'WorldGuard' found. Using it now.
[20:06:05] [Server thread/INFO]: [com.fastasyncworldedit.bukkit.FaweBukkit] Attempting to use plugin 'WorldGuard'
[20:06:05] [Server thread/INFO]: [Essentials] Essentials found a compatible payment resolution method: Vault Compatibility Layer (v1.7.3-b131)!
[20:06:05] [Server thread/INFO]: Done (36.732s)! For help, type "help"
[20:06:05] [Craft Scheduler Thread - 4 - zMenu/INFO]: [zMenu v1.1.1.9] No update available.
[20:06:05] [Craft Scheduler Thread - 1 - Vault/INFO]: [Vault] No new version available
[20:06:05] [Server thread/INFO]: [GravesX] Registering Soft Crash Handler...
[20:06:05] [Server thread/INFO]: [GravesX] Registered Soft Crash Handler. Server will handle crashes in a separate thread. This does not work on hard crashes.
[20:06:05] [Server thread/INFO]: [PlaceholderAPI] Successfully registered external expansion: vault [1.8.3]
[20:06:05] [Server thread/INFO]: [PlaceholderAPI] Successfully registered external expansion: luckperms [5.4-R2]
[20:06:05] [Paper Async Task Handler Thread - 1/INFO]: *** Currently you are 8 builds behind ***
[20:06:05] [Paper Async Task Handler Thread - 1/INFO]: *** It is highly recommended to download the latest build from https://papermc.io/downloads/paper ***
[20:06:05] [Server thread/INFO]: [PlaceholderAPI] Successfully registered external expansion: statistic [2.0.2]
[20:06:05] [Server thread/INFO]: [PlaceholderAPI] Successfully registered external expansion: server [2.7.3]
[20:06:05] [Server thread/INFO]: [PlaceholderAPI] Successfully registered external expansion: player [2.0.8]
[20:06:05] [Server thread/INFO]: [PlaceholderAPI] Successfully registered external expansion: world [1.2.3]
[20:06:05] [Server thread/INFO]: 6 placeholder hook(s) registered! 1 placeholder hook(s) have an update available.
[20:06:08] [Craft Scheduler Thread - 7 - AdvancedTeleport/INFO]: [AdvancedTeleport] Plugin is up to date!
[20:06:21] [Server thread/INFO]: ℹ Server Plugins (29):
[20:06:21] [Server thread/INFO]: Paper Plugins (3):
[20:06:21] [Server thread/INFO]:  - EconomyShopGUI, MiniMOTD, zMenu
[20:06:21] [Server thread/INFO]: Bukkit Plugins (26):
[20:06:21] [Server thread/INFO]:  - AdvancedTeleport, Chunky, ConditionalEvents, EasyCommandBlocker, EmberCoins, Essentials, FastAsyncWorldEdit, floodgate, Geyser-Spigot, GravesX
[20:06:21] [Server thread/INFO]:  ItemEdit, ItemTag, LiveKit, LuckPerms, Multiverse-Core, Multiverse-Inventories, PlaceholderAPI, PlayerKits2, ProtocolLib, SkinsRestorer
[20:06:21] [Server thread/INFO]:  TAB, TerraformGenerator, Vault, ViaBackwards, ViaVersion, WorldGuard
[20:08:13] [User Authenticator #0/INFO]: UUID of player Trolardy is f2ef3509-56a2-3bc1-a6ea-a6a8a9f4019d
[20:08:13] [Server thread/INFO]: [HorriblePlayerLoginEventHack] You have plugins listening to the PlayerLoginEvent, this will cause re-configuration APIs to be unavailable: [LuckPerms, ProtocolLib, WorldGuard]
[20:08:28] [Server thread/INFO]: Trolardy joined the game
[20:08:28] [Server thread/INFO]: Trolardy[/127.73.167.112:48865] logged in with entity id 1 at ([minecraft:overworld]23.5, 73.0, 6.699999988079071)
[20:08:28] [Folia Async Scheduler Thread #4/WARN]: [GravesX] Unable to check for a GravesX update: latest version is unavailable.
[20:08:39] [Server thread/INFO]: Trolardy was slain by Zombie
[20:09:02] [Server thread/INFO]: Trolardy was kicked due to keepalive timeout!
[20:09:02] [Server thread/INFO]: Trolardy lost connection: Timed out
[20:09:03] [Server thread/INFO]: Trolardy left the game
[20:10:29] [User Authenticator #1/INFO]: UUID of player Trolardy is f2ef3509-56a2-3bc1-a6ea-a6a8a9f4019d
[20:10:31] [Server thread/INFO]: Trolardy joined the game
[20:10:31] [Server thread/INFO]: Trolardy[/127.73.167.112:49785] logged in with entity id 202 at ([minecraft:overworld]23.5, 73.0, 6.699999988079071)
[20:10:31] [Folia Async Scheduler Thread #1/WARN]: [GravesX] Unable to check for a GravesX update: latest version is unavailable.
[20:10:54] [Server thread/INFO]: Trolardy issued server command: /gamemode creative
[20:10:57] [Server thread/INFO]: Trolardy issued server command: /skin notification ignore-cracked-client
[20:10:58] [Server thread/INFO]: Trolardy issued server command: /skin notification ignore-cracked-client
[20:11:27] [Server thread/INFO]: Trolardy issued server command: /mundos
[20:11:51] [Server thread/INFO]: Trolardy issued server command: /zmenu reload
[20:11:51] [Server thread/INFO]: [zMenu v1.1.1.9] plugins/zMenu/actions_patterns/default-actions.yml loaded successfully !
[20:11:51] [Server thread/INFO]: [zMenu v1.1.1.9] plugins/zMenu/patterns/pattern_example.yml loaded successfully !
[20:11:51] [Server thread/INFO]: [zMenu v1.1.1.9] plugins/zMenu/inventories/Mundos.yml loaded successfully !
[20:11:51] [Server thread/INFO]: [zMenu v1.1.1.9] plugins/zMenu/inventories/examples/cookies.yml loaded successfully !
[20:11:51] [Server thread/INFO]: [zMenu v1.1.1.9] plugins/zMenu/inventories/examples/playtimes.yml loaded successfully !
[20:11:51] [Server thread/INFO]: [zMenu v1.1.1.9] plugins/zMenu/inventories/examples/switch.yml loaded successfully !
[20:11:51] [Server thread/INFO]: [zMenu v1.1.1.9] plugins/zMenu/inventories/examples/item_drag.yml loaded successfully !
[20:11:51] [Server thread/INFO]: [zMenu v1.1.1.9] plugins/zMenu/inventories/pro_inventory.yml loaded successfully !
[20:11:51] [Server thread/INFO]: [zMenu v1.1.1.9] plugins/zMenu/inventories/basic_inventory.yml loaded successfully !
[20:11:51] [Server thread/INFO]: [zMenu v1.1.1.9] plugins/zMenu/inventories/advanced_inventory.yml loaded successfully !
[20:11:51] [Server thread/INFO]: [zMenu v1.1.1.9] plugins/zMenu/inventories/animated_title_inventory.yml loaded successfully !
[20:11:51] [Server thread/INFO]: [zMenu v1.1.1.9] plugins/zMenu/inventories/example_punish.yml loaded successfully !
[20:11:51] [Server thread/INFO]: [zMenu v1.1.1.9] plugins/zMenu/inventories/menu.yml loaded successfully !
[20:11:51] [Server thread/INFO]: [zMenu v1.1.1.9] Command /menu successfully register.
[20:11:51] [Server thread/INFO]: [zMenu v1.1.1.9] Command /mundos successfully register.
[20:11:51] [Server thread/INFO]: [zMenu v1.1.1.9] Command /punish successfully register.
[20:11:59] [Server thread/INFO]: Trolardy issued server command: /mundos
[20:12:30] [Server thread/INFO]: Trolardy issued server command: /mundos
[20:12:41] [Server thread/INFO]: [Essentials] CONSOLE issued server command: /gamemode creative Trolardy
[20:12:41] [Server thread/INFO]: Set game mode creative for Trolardy.
[20:12:41] [Server thread/WARN]: java.lang.reflect.InvocationTargetException
[20:12:41] [Server thread/WARN]: 	at java.base/jdk.internal.reflect.DirectMethodHandleAccessor.invoke(DirectMethodHandleAccessor.java:119)
[20:12:41] [Server thread/WARN]: 	at java.base/java.lang.reflect.Method.invoke(Method.java:565)
[20:12:41] [Server thread/WARN]: 	at zMenu.jar//fr.maxlego08.menu.hooks.folialib.impl.PaperImplementation.teleportAsync(PaperImplementation.java:47)
[20:12:41] [Server thread/WARN]: 	at zMenu.jar//fr.maxlego08.menu.hooks.folialib.impl.PaperImplementation.teleportAsync(PaperImplementation.java:36)
[20:12:41] [Server thread/WARN]: 	at zMenu.jar//fr.maxlego08.menu.requirement.actions.TeleportAction.lambda$execute$0(TeleportAction.java:24)
[20:12:41] [Server thread/WARN]: 	at zMenu.jar//fr.maxlego08.menu.hooks.folialib.impl.SpigotImplementation.lambda$runAtEntity$6(SpigotImplementation.java:252)
[20:12:41] [Server thread/WARN]: 	at zMenu.jar//fr.maxlego08.menu.hooks.folialib.impl.SpigotImplementation.lambda$runNextTick$0(SpigotImplementation.java:89)
[20:12:41] [Server thread/WARN]: 	at org.bukkit.craftbukkit.scheduler.CraftTask.run(CraftTask.java:80)
[20:12:41] [Server thread/WARN]: 	at org.bukkit.craftbukkit.scheduler.CraftScheduler.mainThreadHeartbeat(CraftScheduler.java:474)
[20:12:41] [Server thread/WARN]: 	at net.minecraft.server.MinecraftServer.tickChildren(MinecraftServer.java:1767)
[20:12:41] [Server thread/WARN]: 	at net.minecraft.server.MinecraftServer.tickServer(MinecraftServer.java:1620)
[20:12:41] [Server thread/WARN]: 	at net.minecraft.server.dedicated.DedicatedServer.tickServer(DedicatedServer.java:404)
[20:12:41] [Server thread/WARN]: 	at net.minecraft.server.MinecraftServer.processPacketsAndTick(MinecraftServer.java:1678)
[20:12:41] [Server thread/WARN]: 	at net.minecraft.server.MinecraftServer.runServer(MinecraftServer.java:1348)
[20:12:41] [Server thread/WARN]: 	at net.minecraft.server.MinecraftServer.lambda$spin$0(MinecraftServer.java:303)
[20:12:41] [Server thread/WARN]: 	at java.base/java.lang.Thread.run(Thread.java:1474)
[20:12:41] [Server thread/WARN]: Caused by: java.lang.IllegalArgumentException: Target world cannot be null
[20:12:41] [Server thread/WARN]: 	at com.google.common.base.Preconditions.checkArgument(Preconditions.java:141)
[20:12:41] [Server thread/WARN]: 	at org.bukkit.craftbukkit.entity.CraftEntity.teleportAsync(CraftEntity.java:1151)
[20:12:41] [Server thread/WARN]: 	at org.bukkit.entity.Entity.teleportAsync(Entity.java:294)
[20:12:41] [Server thread/WARN]: 	at java.base/jdk.internal.reflect.DirectMethodHandleAccessor.invoke(DirectMethodHandleAccessor.java:104)
[20:12:41] [Server thread/WARN]: 	... 15 more
[20:12:41] [Server thread/WARN]: [zMenu] Task #8717 for zMenu v1.1.1.9 generated an exception
java.lang.IllegalArgumentException: Target world cannot be null
	at com.google.common.base.Preconditions.checkArgument(Preconditions.java:141) ~[guava-33.6.0-jre.jar:?]
	at org.bukkit.craftbukkit.entity.CraftEntity.teleport(CraftEntity.java:303) ~[paper-26.2.jar:26.2-121-a2a42c5]
	at org.bukkit.craftbukkit.entity.CraftEntity.teleport(CraftEntity.java:297) ~[paper-26.2.jar:26.2-121-a2a42c5]
	at org.bukkit.craftbukkit.entity.CraftEntity.teleport(CraftEntity.java:292) ~[paper-26.2.jar:26.2-121-a2a42c5]
	at zMenu.jar//fr.maxlego08.menu.hooks.folialib.impl.SpigotImplementation.lambda$teleportAsync$15(SpigotImplementation.java:483) ~[?:?]
	at zMenu.jar//fr.maxlego08.menu.hooks.folialib.impl.SpigotImplementation.lambda$runAtEntity$6(SpigotImplementation.java:252) ~[?:?]
	at zMenu.jar//fr.maxlego08.menu.hooks.folialib.impl.SpigotImplementation.lambda$runNextTick$0(SpigotImplementation.java:89) ~[?:?]
	at org.bukkit.craftbukkit.scheduler.CraftTask.run(CraftTask.java:80) ~[paper-26.2.jar:26.2-121-a2a42c5]
	at org.bukkit.craftbukkit.scheduler.CraftScheduler.mainThreadHeartbeat(CraftScheduler.java:474) ~[paper-26.2.jar:26.2-121-a2a42c5]
	at net.minecraft.server.MinecraftServer.tickChildren(MinecraftServer.java:1767) ~[paper-26.2.jar:26.2-121-a2a42c5]
	at net.minecraft.server.MinecraftServer.tickServer(MinecraftServer.java:1620) ~[paper-26.2.jar:26.2-121-a2a42c5]
	at net.minecraft.server.dedicated.DedicatedServer.tickServer(DedicatedServer.java:404) ~[paper-26.2.jar:26.2-121-a2a42c5]
	at net.minecraft.server.MinecraftServer.processPacketsAndTick(MinecraftServer.java:1678) ~[paper-26.2.jar:26.2-121-a2a42c5]
	at net.minecraft.server.MinecraftServer.runServer(MinecraftServer.java:1348) ~[paper-26.2.jar:26.2-121-a2a42c5]
	at net.minecraft.server.MinecraftServer.lambda$spin$0(MinecraftServer.java:303) ~[paper-26.2.jar:26.2-121-a2a42c5]
	at java.base/java.lang.Thread.run(Thread.java:1474) ~[?:?]
[20:13:24] [Server thread/INFO]: Trolardy was kicked due to keepalive timeout!
[20:13:24] [Server thread/INFO]: Trolardy lost connection: Timed out
[20:13:24] [Server thread/INFO]: Trolardy left the game
